10:05:08 **** Incremental Build of configuration Debug for project 001HelloWorld ****
make -j8 all 
arm-none-eabi-size  001HelloWorld.elf 
   text	   data	    bss	    dec	    hex	filename
   4888	     92	   1900	   6880	   1ae0	001HelloWorld.elf
Finished building: default.size.stdout
 
10:05:20 **** Incremental Build of configuration Debug for project 001HelloWorld ****
make -j8 all 
arm-none-eabi-size  001HelloWorld.elf 
   text	   data	    bss	    dec	    hex	filename
   4888	     92	   1900	   6880	   1ae0	001HelloWorld.elf
Finished building: default.size.stdout
 
10:06:35 **** Incremental Build of configuration Debug for project 001HelloWorld ****
make -j8 all 
arm-none-eabi-size  001HelloWorld.elf 
   text	   data	    bss	    dec	    hex	filename
   4888	     92	   1900	   6880	   1ae0	001HelloWorld.elf
Finished building: default.size.stdout
 
10:07:13 **** Incremental Build of configuration Debug for project 001HelloWorld ****
make -j8 all 
arm-none-eabi-size  001HelloWorld.elf 
   text	   data	    bss	    dec	    hex	filename
   4888	     92	   1900	   6880	   1ae0	001HelloWorld.elf
Finished building: default.size.stdout
 
